[    0.000000] Initializing cgroup subsys cpuset
[    0.000000] Initializing cgroup subsys cpu
[    0.000000] Initializing cgroup subsys cpuacct
[    0.000000] Linux version 4.4.0-210-generic (buildd@lgw01-amd64-009) (gcc version 5.4.0 20160609 (Ubuntu 5.4.0-6ubuntu1~16.04.12) ) #242-Ubuntu SMP Fri Apr 16 09:57:56 UTC 2021 (Ubuntu 4.4.0-210.242-generic 4.4.262)
[    0.000000] Command line: BOOT_IMAGE=/boot/vmlinuz-4.4.0-210-generic root=LABEL=cloudimg-rootfs ro console=tty1 console=ttyS0
[    0.000000] KERNEL supported cpus:
[    0.000000]   Intel GenuineIntel
[    0.000000]   AMD AuthenticAMD
[    0.000000]   Centaur CentaurHauls
[    0.000000] x86/fpu: xstate_offset[2]:  576, xstate_sizes[2]:  256
[    0.000000] x86/fpu: Supporting XSAVE feature 0x01: 'x87 floating point registers'
[    0.000000] x86/fpu: Supporting XSAVE feature 0x02: 'SSE registers'
[    0.000000] x86/fpu: Supporting XSAVE feature 0x04: 'AVX registers'
[    0.000000] x86/fpu: Enabled xstate features 0x7, context size is 832 bytes, using 'standard' format.
[    0.000000] e820: BIOS-provided physical RAM map:
[    0.000000] BIOS-e820: [mem 0x0000000000000000-0x000000000009fbff] usable
[    0.000000] BIOS-e820: [mem 0x000000000009fc00-0x000000000009ffff] reserved
[    0.000000] BIOS-e820: [mem 0x00000000000f0000-0x00000000000fffff] reserved
[    0.000000] BIOS-e820: [mem 0x0000000000100000-0x000000003ffeffff] usable
[    0.000000] BIOS-e820: [mem 0x000000003fff0000-0x000000003fffffff] ACPI data
[    0.000000] BIOS-e820: [mem 0x00000000fec00000-0x00000000fec00fff] reserved
[    0.000000] BIOS-e820: [mem 0x00000000fee00000-0x00000000fee00fff] reserved
[    0.000000] BIOS-e820: [mem 0x00000000fffc0000-0x00000000ffffffff] reserved
[    0.000000] NX (Execute Disable) protection: active
[    0.000000] SMBIOS 2.5 present.
[    0.000000] Hypervisor detected: KVM
[    0.000000] Kernel/User page tables isolation: disabled
[    0.000000] e820: last_pfn = 0x3fff0 max_arch_pfn = 0x400000000
[    0.000000] MTRR: Disabled
[    0.000000] x86/PAT: MTRRs disabled, skipping PAT initialization too.
[    0.000000] CPU MTRRs all blank - virtualized system.
[    0.000000] x86/PAT: Configuration [0-7]: WB  WT  UC- UC  WB  WT  UC- UC  
[    0.000000] found SMP MP-table at [mem 0x0009fff0-0x0009ffff] mapped at [ffff88000009fff0]
[    0.000000] Scanning 1 areas for low memory corruption
[    0.000000] RAMDISK: [mem 0x362dc000-0x37165fff]
[    0.000000] ACPI: Early table checksum verification disabled
[    0.000000] ACPI: RSDP 0x00000000000E0000 000024 (v02 VBOX  )
[    0.000000] ACPI: XSDT 0x000000003FFF0030 00003C (v01 VBOX   VBOXXSDT 00000001 ASL  00000061)
[    0.000000] ACPI: FACP 0x000000003FFF00F0 0000F4 (v04 VBOX   VBOXFACP 00000001 ASL  00000061)
[    0.000000] ACPI: DSDT 0x000000003FFF0470 002325 (v02 VBOX   VBOXBIOS 00000002 INTL 20100528)
[    0.000000] ACPI: FACS 0x000000003FFF0200 000040
[    0.000000] ACPI: FACS 0x000000003FFF0200 000040
[    0.000000] ACPI: APIC 0x000000003FFF0240 00005C (v02 VBOX   VBOXAPIC 00000001 ASL  00000061)
[    0.000000] ACPI: SSDT 0x000000003FFF02A0 0001CC (v01 VBOX   VBOXCPUT 00000002 INTL 20100528)
[    0.000000] No NUMA configuration found
[    0.000000] Faking a node at [mem 0x0000000000000000-0x000000003ffeffff]
[    0.000000] NODE_DATA(0) allocated [mem 0x3ffeb000-0x3ffeffff]
[    0.000000] kvm-clock: Using msrs 4b564d01 and 4b564d00
[    0.000000] kvm-clock: cpu 0, msr 0:3ffe3001, primary cpu clock
[    0.000000] kvm-clock: using sched offset of 3424574667 cycles
[    0.000000] clocksource: kvm-clock: mask: 0xffffffffffffffff max_cycles: 0x1cd42e4dffb, max_idle_ns: 881590591483 ns
[    0.000000] Zone ranges:
[    0.000000]   DMA      [mem 0x0000000000001000-0x0000000000ffffff]
[    0.000000]   DMA32    [mem 0x0000000001000000-0x000000003ffeffff]
[    0.000000]   Normal   empty
[    0.000000]   Device   empty
[    0.000000] Movable zone start for each node
[    0.000000] Early memory node ranges
[    0.000000]   node   0: [mem 0x0000000000001000-0x000000000009efff]
[    0.000000]   node   0: [mem 0x0000000000100000-0x000000003ffeffff]
[    0.000000] Initmem setup node 0 [mem 0x0000000000001000-0x000000003ffeffff]
[    0.000000] ACPI: PM-Timer IO Port: 0x4008
[    0.000000] IOAPIC[0]: apic_id 2, version 32, address 0xfec00000, GSI 0-23
[    0.000000] ACPI: INT_SRC_OVR (bus 0 bus_irq 0 global_irq 2 dfl dfl)
[    0.000000] ACPI: INT_SRC_OVR (bus 0 bus_irq 9 global_irq 9 low level)
[    0.000000] Using ACPI (MADT) for SMP configuration information
[    0.000000] smpboot: Allowing 2 CPUs, 0 hotplug CPUs
[    0.000000] PM: Registered nosave memory: [mem 0x00000000-0x00000fff]
[    0.000000] PM: Registered nosave memory: [mem 0x0009f000-0x0009ffff]
[    0.000000] PM: Registered nosave memory: [mem 0x000a0000-0x000effff]
[    0.000000] PM: Registered nosave memory: [mem 0x000f0000-0x000fffff]
[    0.000000] e820: [mem 0x40000000-0xfebfffff] available for PCI devices
[    0.000000] Booting paravirtualized kernel on KVM
[    0.000000] clocksource: refined-jiffies: mask: 0xffffffff max_cycles: 0xffffffff, max_idle_ns: 7645519600211568 ns
[    0.000000] setup_percpu: NR_CPUS:512 nr_cpumask_bits:512 nr_cpu_ids:2 nr_node_ids:1
[    0.000000] PERCPU: Embedded 33 pages/cpu @ffff88003fc00000 s95192 r8192 d31784 u1048576
[    0.000000] Built 1 zonelists in Node order, mobility grouping on.  Total pages: 257912
[    0.000000] Policy zone: DMA32
[    0.000000] Kernel command line: BOOT_IMAGE=/boot/vmlinuz-4.4.0-210-generic root=LABEL=cloudimg-rootfs ro console=tty1 console=ttyS0
[    0.000000] PID hash table entries: 4096 (order: 3, 32768 bytes)
[    0.000000] Memory: 997792K/1048120K available (8644K kernel code, 1332K rwdata, 4044K rodata, 1492K init, 1164K bss, 50328K reserved, 0K cma-reserved)
[    0.000000] SLUB: HWalign=64, Order=0-3, MinObjects=0, CPUs=2, Nodes=1
[    0.000000] Hierarchical RCU implementation.
[    0.000000] 	Build-time adjustment of leaf fanout to 64.
[    0.000000] 	RCU restricting CPUs from NR_CPUS=512 to nr_cpu_ids=2.
[    0.000000] RCU: Adjusting geometry for rcu_fanout_leaf=64, nr_cpu_ids=2
[    0.000000] NR_IRQS:33024 nr_irqs:440 16
[    0.000000] Console: colour VGA+ 80x25
[    0.000000] console [tty1] enabled
[    0.000000] console [ttyS0] enabled
[    0.000000] tsc: Detected 1190.400 MHz processor
[    0.192013] Calibrating delay loop (skipped) preset value.. 2380.80 BogoMIPS (lpj=4761600)
[    0.196405] pid_max: default: 32768 minimum: 301
[    0.198051] ACPI: Core revision 20150930
[    0.200669] ACPI: 2 ACPI AML tables successfully acquired and loaded
[    0.203110] Security Framework initialized
[    0.203970] Yama: becoming mindful.
[    0.204698] AppArmor: AppArmor initialized
[    0.205673] Dentry cache hash table entries: 131072 (order: 8, 1048576 bytes)
[    0.207224] Inode-cache hash table entries: 65536 (order: 7, 524288 bytes)
[    0.211920] Mount-cache hash table entries: 2048 (order: 2, 16384 bytes)
[    0.214114] Mountpoint-cache hash table entries: 2048 (order: 2, 16384 bytes)
[    0.216542] Initializing cgroup subsys io
[    0.217375] Initializing cgroup subsys memory
[    0.218471] Initializing cgroup subsys devices
[    0.220086] Initializing cgroup subsys freezer
[    0.221882] Initializing cgroup subsys net_cls
[    0.224611] Initializing cgroup subsys perf_event
[    0.225486] Initializing cgroup subsys net_prio
[    0.226470] Initializing cgroup subsys hugetlb
[    0.227760] Initializing cgroup subsys pids
[    0.234367] mce: CPU supports 0 MCE banks
[    0.235481] Last level iTLB entries: 4KB 0, 2MB 0, 4MB 0
[    0.236862] Last level dTLB entries: 4KB 0, 2MB 0, 4MB 0, 1GB 0
[    0.238205] Spectre V1 : Mitigation: usercopy/swapgs barriers and __user pointer sanitization
[    0.241295] Spectre V2 : Mitigation: Full generic retpoline
[    0.243618] Spectre V2 : Spectre v2 / SpectreRSB mitigation: Filling RSB on context switch
[    0.245380] Speculative Store Bypass: Vulnerable
[    0.251523] Freeing SMP alternatives memory: 36K
[    0.260601] ftrace: allocating 32380 entries in 127 pages
[    0.359395] smpboot: APIC(0) Converting physical 0 to logical package 0
[    0.362193] smpboot: Max logical packages: 1
[    0.364308] x2apic enabled
[    0.366220] Switched APIC routing to physical x2apic.
[    0.369774] ..TIMER: vector=0x30 apic1=0 pin1=2 apic2=-1 pin2=-1
[    0.480996] smpboot: CPU0: Intel(R) Core(TM) i5-1035G1 CPU @ 1.00GHz (family: 0x6, model: 0x7e, stepping: 0x5)
[    0.484980] Performance Events: unsupported p6 CPU model 126 no PMU driver, software events only.
[    0.505811] KVM setup paravirtual spinlock
[    0.507968] x86: Booting SMP configuration:
[    0.509062] .... node  #0, CPUs:      #1
[    0.510419] kvm-clock: cpu 1, msr 0:3ffe3041, secondary cpu clock
[    0.515026] mce: CPU supports 0 MCE banks
[    0.517741] x86: Booted up 1 node, 2 CPUs
[    0.518860] smpboot: Total of 2 processors activated (4761.60 BogoMIPS)
[    0.520437] devtmpfs: initialized
[    0.522312] evm: security.selinux
[    0.523099] evm: security.SMACK64
[    0.524048] evm: security.SMACK64EXEC
[    0.525360] evm: security.SMACK64TRANSMUTE
[    0.527259] evm: security.SMACK64MMAP
[    0.528776] evm: security.ima
[    0.529694] evm: security.capability
[    0.531284] clocksource: jiffies: mask: 0xffffffff max_cycles: 0xffffffff, max_idle_ns: 7645041785100000 ns
[    0.534401] futex hash table entries: 512 (order: 3, 32768 bytes)
[    0.536345] pinctrl core: initialized pinctrl subsystem
[    0.537818] RTC time: 11:18:00, date: 10/19/22
[    0.541905] NET: Registered protocol family 16
[    0.554294] cpuidle: using governor ladder
[    0.566008] cpuidle: using governor menu
[    0.566846] PCCT header not found.
[    0.568012] ACPI: bus type PCI registered
[    0.569178] acpiphp: ACPI Hot Plug PCI Controller Driver version: 0.5
[    0.570940] PCI: Using configuration type 1 for base access
[    0.586814] ACPI: Added _OSI(Module Device)
[    0.587843] ACPI: Added _OSI(Processor Device)
[    0.588697] ACPI: Added _OSI(3.0 _SCP Extensions)
[    0.590233] ACPI: Added _OSI(Processor Aggregator Device)
[    0.593601] ACPI: Executed 1 blocks of module-level executable AML code
[    0.598182] ACPI: Interpreter enabled
[    0.599226] ACPI: (supports S0 S5)
[    0.600185] ACPI: Using IOAPIC for interrupt routing
[    0.601722] PCI: Using host bridge windows from ACPI; if necessary, use "pci=nocrs" and report a bug
[    0.607186] ACPI: PCI Root Bridge [PCI0] (domain 0000 [bus 00-ff])
[    0.608451] acpi PNP0A03:00: _OSC: OS supports [ASPM ClockPM Segments MSI]
[    0.610235] acpi PNP0A03:00: _OSC: not requesting OS control; OS requires [ExtendedConfig ASPM ClockPM MSI]
[    0.614466] acpi PNP0A03:00: fail to add MMCONFIG information, can't access extended PCI configuration space under this bridge.
[    0.619203] PCI host bridge to bus 0000:00
[    0.620689] pci_bus 0000:00: root bus resource [io  0x0000-0x0cf7 window]
[    0.622949] pci_bus 0000:00: root bus resource [io  0x0d00-0xffff window]
[    0.625204] pci_bus 0000:00: root bus resource [mem 0x000a0000-0x000bffff window]
[    0.626746] pci_bus 0000:00: root bus resource [mem 0x40000000-0xfdffffff window]
[    0.628196] pci_bus 0000:00: root bus resource [bus 00-ff]
[    0.631679] pci 0000:00:01.1: legacy IDE quirk: reg 0x10: [io  0x01f0-0x01f7]
[    0.633298] pci 0000:00:01.1: legacy IDE quirk: reg 0x14: [io  0x03f6]
[    0.634844] pci 0000:00:01.1: legacy IDE quirk: reg 0x18: [io  0x0170-0x0177]
[    0.636378] pci 0000:00:01.1: legacy IDE quirk: reg 0x1c: [io  0x0376]
[    0.650271] pci 0000:00:07.0: quirk: [io  0x4000-0x403f] claimed by PIIX4 ACPI
[    0.661242] pci 0000:00:07.0: quirk: [io  0x4100-0x410f] claimed by PIIX4 SMB
[    0.674854] ACPI: PCI Interrupt Link [LNKA] (IRQs 5 9 10 *11)
[    0.676459] ACPI: PCI Interrupt Link [LNKB] (IRQs 5 9 *10 11)
[    0.678033] ACPI: PCI Interrupt Link [LNKC] (IRQs 5 *9 10 11)
[    0.679769] ACPI: PCI Interrupt Link [LNKD] (IRQs 5 9 10 *11)
[    0.681562] ACPI: Enabled 2 GPEs in block 00 to 07
[    0.682858] vgaarb: setting as boot device: PCI:0000:00:02.0
[    0.683920] vgaarb: device added: PCI:0000:00:02.0,decodes=io+mem,owns=io+mem,locks=none
[    0.685472] vgaarb: loaded
[    0.686073] vgaarb: bridge control possible 0000:00:02.0
[    0.687233] SCSI subsystem initialized
[    0.688168] ACPI: bus type USB registered
[    0.688957] usbcore: registered new interface driver usbfs
[    0.690030] usbcore: registered new interface driver hub
[    0.691128] usbcore: registered new device driver usb
[    0.692640] PCI: Using ACPI for IRQ routing
[    0.694700] NetLabel: Initializing
[    0.696196] NetLabel:  domain hash size = 128
[    0.697676] NetLabel:  protocols = UNLABELED CIPSOv4
[    0.699227] NetLabel:  unlabeled traffic allowed by default
[    0.700774] amd_nb: Cannot enumerate AMD northbridges
[    0.702149] clocksource: Switched to clocksource kvm-clock
[    0.714897] AppArmor: AppArmor Filesystem Enabled
[    0.715904] pnp: PnP ACPI init
[    0.717324] pnp: PnP ACPI: found 3 devices
[    0.726459] clocksource: acpi_pm: mask: 0xffffff max_cycles: 0xffffff, max_idle_ns: 2085701024 ns
[    0.728561] NET: Registered protocol family 2
[    0.729641] TCP established hash table entries: 8192 (order: 4, 65536 bytes)
[    0.731106] TCP bind hash table entries: 8192 (order: 5, 131072 bytes)
[    0.732363] TCP: Hash tables configured (established 8192 bind 8192)
[    0.733693] UDP hash table entries: 512 (order: 2, 16384 bytes)
[    0.735069] UDP-Lite hash table entries: 512 (order: 2, 16384 bytes)
[    0.736673] NET: Registered protocol family 1
[    0.737626] pci 0000:00:00.0: Limiting direct PCI/PCI transfers
[    0.738868] pci 0000:00:01.0: Activating ISA DMA hang workarounds
[    0.743272] Unpacking initramfs...
[    1.121204] Freeing initrd memory: 14888K
[    1.122154] clocksource: tsc: mask: 0xffffffffffffffff max_cycles: 0x1128af0325d, max_idle_ns: 440795261011 ns
[    1.124230] platform rtc_cmos: registered platform RTC device (no PNP device found)
[    1.125819] Scanning for low memory corruption every 60 seconds
[    1.127475] audit: initializing netlink subsys (disabled)
[    1.128437] audit: type=2000 audit(1666178286.331:1): initialized
[    1.129757] Initialise system trusted keyring
[    1.131183] HugeTLB registered 2 MB page size, pre-allocated 0 pages
[    1.134376] zbud: loaded
[    1.135785] VFS: Disk quotas dquot_6.6.0
[    1.136764] VFS: Dquot-cache hash table entries: 512 (order 0, 4096 bytes)
[    1.138609] squashfs: version 4.0 (2009/01/31) Phillip Lougher
[    1.142900] fuse init (API version 7.23)
[    1.143960] Key type big_key registered
[    1.144851] Allocating IMA MOK and blacklist keyrings.
[    1.146885] Key type asymmetric registered
[    1.147826] Asymmetric key parser 'x509' registered
[    1.148823] Block layer SCSI generic (bsg) driver version 0.4 loaded (major 249)
[    1.150476] io scheduler noop registered
[    1.151350] io scheduler deadline registered (default)
[    1.152471] io scheduler cfq registered
[    1.153445] pci_hotplug: PCI Hot Plug PCI Core version: 0.5
[    1.154515] pciehp: PCI Express Hot Plug Controller Driver version: 0.4
[    1.155919] ACPI: AC Adapter [AC] (on-line)
[    1.156901] input: Power Button as /devices/LNXSYSTM:00/LNXPWRBN:00/input/input0
[    1.158578] ACPI: Power Button [PWRF]
[    1.159435] input: Sleep Button as /devices/LNXSYSTM:00/LNXSLPBN:00/input/input1
[    1.160845] ACPI: Sleep Button [SLPF]
[    1.161897] GHES: HEST is not enabled!
[    1.162522] ACPI: Battery Slot [BAT0] (battery present)
[    1.164240] Serial: 8250/16550 driver, 32 ports, IRQ sharing enabled
[    1.186574] 00:02: ttyS0 at I/O 0x3f8 (irq = 4, base_baud = 115200) is a 16550A
[    1.191581] Linux agpgart interface v0.103
[    1.194207] loop: module loaded
[    1.195636] scsi host0: ata_piix
[    1.197113] scsi host1: ata_piix
[    1.198689] ata1: PATA max UDMA/33 cmd 0x1f0 ctl 0x3f6 bmdma 0xd000 irq 14
[    1.200586] ata2: PATA max UDMA/33 cmd 0x170 ctl 0x376 bmdma 0xd008 irq 15
[    1.202549] libphy: Fixed MDIO Bus: probed
[    1.203704] tun: Universal TUN/TAP device driver, 1.6
[    1.205028] tun: (C) 1999-2004 Max Krasnyansky <maxk@qualcomm.com>
[    1.206335] PPP generic driver version 2.4.2
[    1.207426] ehci_hcd: USB 2.0 'Enhanced' Host Controller (EHCI) Driver
[    1.208770] ehci-pci: EHCI PCI platform driver
[    1.209687] ehci-platform: EHCI generic platform driver
[    1.210688] ohci_hcd: USB 1.1 'Open' Host Controller (OHCI) Driver
[    1.212634] ohci-pci: OHCI PCI platform driver
[    1.214878] ohci-platform: OHCI generic platform driver
[    1.216579] uhci_hcd: USB Universal Host Controller Interface driver
[    1.218458] i8042: PNP: PS/2 Controller [PNP0303:PS2K,PNP0f03:PS2M] at 0x60,0x64 irq 1,12
[    1.222516] serio: i8042 KBD port at 0x60,0x64 irq 1
[    1.223836] serio: i8042 AUX port at 0x60,0x64 irq 12
[    1.225707] mousedev: PS/2 mouse device common for all mice
[    1.227492] input: AT Translated Set 2 keyboard as /devices/platform/i8042/serio0/input/input2
[    1.230895] rtc_cmos rtc_cmos: rtc core: registered rtc_cmos as rtc0
[    1.232682] rtc_cmos rtc_cmos: alarms up to one day, 114 bytes nvram
[    1.234160] i2c /dev entries driver
[    1.235250] device-mapper: uevent: version 1.0.3
[    1.236627] device-mapper: ioctl: 4.34.0-ioctl (2015-10-28) initialised: dm-devel@redhat.com
[    1.238466] ledtrig-cpu: registered to indicate activity on CPUs
[    1.239966] NET: Registered protocol family 10
[    1.240945] NET: Registered protocol family 17
[    1.241841] Key type dns_resolver registered
[    1.243195] registered taskstats version 1
[    1.244008] Loading compiled-in X.509 certificates
[    1.245457] Loaded X.509 cert 'Build time autogenerated kernel key: cf00e047681d67edb2720680708b7d9498083038'
[    1.247433] zswap: loaded using pool lzo/zbud
[    1.249726] Key type trusted registered
[    1.253128] Key type encrypted registered
[    1.253978] AppArmor: AppArmor sha1 policy hashing enabled
[    1.255214] ima: No TPM chip found, activating TPM-bypass!
[    1.256300] ima: Allocated hash algorithm: sha1
[    1.257191] evm: HMAC attrs: 0x1
[    1.258389]   Magic number: 10:888:327
[    1.259252] rtc_cmos rtc_cmos: setting system clock to 2022-10-19 11:18:01 UTC (1666178281)
[    1.261659] BIOS EDD facility v0.16 2004-Jun-25, 0 devices found
[    1.263352] EDD information not available.
[    1.389387] Freeing unused kernel memory: 1492K
[    1.391296] Write protecting the kernel read-only data: 14336k
[    1.392989] Freeing unused kernel memory: 1584K
[    1.394268] Freeing unused kernel memory: 52K
Loading, please wait...
starting version 229
[    1.411868] random: systemd-udevd: uninitialized urandom read (16 bytes read, 3 bits of entropy available)
[    1.413575] random: udevadm: uninitialized urandom read (16 bytes read, 3 bits of entropy available)
[    1.413618] random: udevadm: uninitialized urandom read (16 bytes read, 3 bits of entropy available)
[    1.429420] random: systemd-udevd: uninitialized urandom read (16 bytes read, 3 bits of entropy available)
[    1.431647] random: udevadm: uninitialized urandom read (16 bytes read, 3 bits of entropy available)
[    1.431691] random: udevadm: uninitialized urandom read (16 bytes read, 3 bits of entropy available)
[    1.431856] random: udevadm: uninitialized urandom read (16 bytes read, 3 bits of entropy available)
[    1.431897] random: udevadm: uninitialized urandom read (16 bytes read, 3 bits of entropy available)
[    1.431950] random: udevadm: uninitialized urandom read (16 bytes read, 3 bits of entropy available)
[    1.432026] random: udevadm: uninitialized urandom read (16 bytes read, 3 bits of entropy available)
[    1.480473] Fusion MPT base driver 3.04.20
[    1.481745] Copyright (c) 1999-2008 LSI Corporation
[    1.494834] e1000: Intel(R) PRO/1000 Network Driver - version 7.3.21-k8-NAPI
[    1.496406] e1000: Copyright (c) 1999-2006 Intel Corporation.
[    1.505672] Fusion MPT SPI Host driver 3.04.20
[    1.509491] AVX2 version of gcm_enc/dec engaged.
[    1.510713] AES CTR mode by8 optimization enabled
[    1.720248] input: ImExPS/2 Generic Explorer Mouse as /devices/platform/i8042/serio1/input/input4
[    2.515381] e1000 0000:00:03.0 eth0: (PCI:33MHz:32-bit) 02:be:82:6b:cc:1d
[    2.517556] e1000 0000:00:03.0 eth0: Intel(R) PRO/1000 Network Connection
[    3.142476] e1000 0000:00:08.0 eth1: (PCI:33MHz:32-bit) 08:00:27:9e:c6:b9
[    3.147190] e1000 0000:00:08.0 eth1: Intel(R) PRO/1000 Network Connection
[    3.150485] mptbase: ioc0: Initiating bringup
[    3.152903] e1000 0000:00:08.0 enp0s8: renamed from eth1
[    3.163283] e1000 0000:00:03.0 enp0s3: renamed from eth0
[    3.222506] ioc0: LSI53C1030 A0: Capabilities={Initiator}
[    3.387898] scsi host2: ioc0: LSI53C1030 A0, FwRev=00000000h, Ports=1, MaxQ=256, IRQ=20
[    3.499308] scsi 2:0:0:0: Direct-Access     VBOX     HARDDISK         1.0  PQ: 0 ANSI: 5
[    3.501506] scsi target2:0:0: Beginning Domain Validation
[    3.504648] scsi target2:0:0: Domain Validation skipping write tests
[    3.507827] scsi target2:0:0: Ending Domain Validation
[    3.510252] scsi target2:0:0: asynchronous
[    3.511372] scsi 2:0:1:0: Direct-Access     VBOX     HARDDISK         1.0  PQ: 0 ANSI: 5
[    3.512881] scsi target2:0:1: Beginning Domain Validation
[    3.514754] scsi target2:0:1: Domain Validation skipping write tests
[    3.525203] scsi target2:0:1: Ending Domain Validation
[    3.526967] scsi target2:0:1: asynchronous
[    3.534107] sd 2:0:0:0: [sda] 83886080 512-byte logical blocks: (42.9 GB/40.0 GiB)
[    3.534370] sd 2:0:0:0: Attached scsi generic sg0 type 0
[    3.537162] sd 2:0:0:0: [sda] Write Protect is off
[    3.538423] sd 2:0:1:0: Attached scsi generic sg1 type 0
[    3.539696] sd 2:0:1:0: [sdb] 20480 512-byte logical blocks: (10.5 MB/10.0 MiB)
[    3.541215] sd 2:0:0:0: [sda] Incomplete mode parameter data
[    3.542232] sd 2:0:0:0: [sda] Assuming drive cache: write through
[    3.542422] sd 2:0:1:0: [sdb] Write Protect is off
[    3.542489] sd 2:0:1:0: [sdb] Incomplete mode parameter data
[    3.542491] sd 2:0:1:0: [sdb] Assuming drive cache: write through
[    3.549790]  sda: sda1
[    3.551099] sd 2:0:0:0: [sda] Attached SCSI disk
[    3.551382] sd 2:0:1:0: [sdb] Attached SCSI disk
Begin: Loading essential drivers ... [    5.005971] md: linear personality registered for level -1
[    5.013706] md: multipath personality registered for level -4
[    5.018920] md: raid0 personality registered for level 0
[    5.027471] md: raid1 personality registered for level 1
[    5.103144] raid6: sse2x1   gen()  9104 MB/s
[    5.170247] raid6: sse2x1   xor()  6001 MB/s
[    5.238240] raid6: sse2x2   gen()  9569 MB/s
[    5.306238] raid6: sse2x2   xor()  6985 MB/s
[    5.374246] raid6: sse2x4   gen() 13576 MB/s
[    5.442306] raid6: sse2x4   xor()  8523 MB/s
[    5.510207] raid6: avx2x1   gen() 16807 MB/s
[    5.578224] raid6: avx2x2   gen() 22450 MB/s
[    5.646203] raid6: avx2x4   gen() 27496 MB/s
[    5.647092] raid6: using algorithm avx2x4 gen() 27496 MB/s
[    5.648267] raid6: using avx2x2 recovery algorithm
[    5.650887] xor: automatically using best checksumming function:
[    5.690246]    avx       : 20057.000 MB/sec
[    5.693442] async_tx: api initialized (async)
[    5.705856] md: raid6 personality registered for level 6
[    5.707105] md: raid5 personality registered for level 5
[    5.708703] md: raid4 personality registered for level 4
[    5.716577] md: raid10 personality registered for level 10
done.
Begin: Running /scripts/init-premount ... done.
Begin: Mounting root file system ... Begin: Running /scripts/local-top ... done.
Begin: Running /scripts/local-premount ... [    5.749129] Btrfs loaded
Scanning for Btrfs filesystems
done.
Warning: fsck not present, so skipping root file system
[    5.775562] EXT4-fs (sda1): INFO: recovery required on readonly filesystem
[    5.776798] EXT4-fs (sda1): write access will be enabled during recovery
[    5.787603] EXT4-fs (sda1): recovery complete
[    5.788657] EXT4-fs (sda1): mounted filesystem with ordered data mode. Opts: (null)
done.
Begin: Running /scripts/local-bottom ... done.
Begin: Running /scripts/init-bottom ... done.
[    5.874057] systemd[1]: systemd 229 running in system mode. (+PAM +AUDIT +SELINUX +IMA +APPARMOR +SMACK +SYSVINIT +UTMP +LIBCRYPTSETUP +GCRYPT +GNUTLS +ACL +XZ -LZ4 +SECCOMP +BLKID +ELFUTILS +KMOD -IDN)
[    5.877853] systemd[1]: Detected virtualization oracle.
[    5.879305] systemd[1]: Detected architecture x86-64.

Welcome to [1mUbuntu 16.04.7 LTS[0m!

[    5.883961] systemd[1]: Set hostname to <ubuntu-xenial>.
[    6.687079] systemd[1]: Listening on LVM2 poll daemon socket.
[[0;32m  OK  [0m] Listening on LVM2 poll daemon socket.
[    6.689285] systemd[1]: Listening on Syslog Socket.
[[0;32m  OK  [0m] Listening on Syslog Socket.
[    6.691349] systemd[1]: Set up automount Arbitrary Executable File Formats File System Automount Point.
[[0;32m  OK  [0m] Set up automount Arbitrary Executab...ats File System Automount Point.
[    6.694057] systemd[1]: Reached target User and Group Name Lookups.
[[0;32m  OK  [0m] Reached target User and Group Name Lookups.
[    6.696067] systemd[1]: Reached target System Time Synchronized.
[[0;32m  OK  [0m] Reached target System Time Synchronized.
[    6.698639] systemd[1]: Listening on udev Control Socket.
[[0;32m  OK  [0m] Listening on udev Control Socket.
[    6.701245] systemd[1]: Created slice User and Session Slice.
[[0;32m  OK  [0m] Created slice User and Session Slice.
[    6.703850] systemd[1]: Listening on fsck to fsckd communication Socket.
[[0;32m  OK  [0m] Listening on fsck to fsckd communication Socket.
[    6.706820] systemd[1]: Listening on Device-mapper event daemon FIFOs.
[[0;32m  OK  [0m] Listening on Device-mapper event daemon FIFOs.
[    6.709085] systemd[1]: Listening on Journal Socket (/dev/log).
[[0;32m  OK  [0m] Listening on Journal Socket (/dev/log).
[    6.711228] systemd[1]: Reached target Swap.
[[0;32m  OK  [0m] Reached target Swap.
[    6.713022] systemd[1]: Listening on LVM2 metadata daemon socket.
[[0;32m  OK  [0m] Listening on LVM2 metadata daemon socket.
[    6.715363] systemd[1]: Listening on Journal Socket.
[[0;32m  OK  [0m] Listening on Journal Socket.
[    6.717678] systemd[1]: Created slice System Slice.
[[0;32m  OK  [0m] Created slice System Slice.
[    6.730648] systemd[1]: Starting Load Kernel Modules...
         Starting Load Kernel Modules...
[    6.734623] systemd[1]: Starting Monitoring of LVM2 mirrors, snapshots etc. using dmeventd or progress polling...
         Starting Monitoring of LVM2 mirrors... dmeventd or progress polling...
[    6.739970] systemd[1]: Starting Set console keymap...
         Starting Set console keymap...
[    6.742616] systemd[1]: Starting Nameserver information manager...
[    6.744094] Loading iSCSI transport class v2.0-870.
         Starting Nameserver information manager...
[    6.751086] systemd[1]: Mounting Debug File System...
         Mounting Debug File System...
[    6.753682] systemd[1]: Started Trigger resolvconf update for networkd DNS.
[[0;32m  OK  [0m] Started Trigger resolvconf update for networkd DNS.
[    6.757864] systemd[1]: Created slice system-serial\x2dgetty.slice.
[[0;32m  OK  [0m] Created slice system-serial\x2dgetty.slice.
[    6.760246] systemd[1]: Listening on Journal Audit Socket.
[[0;32m  OK  [0m] Listening on Journal Audit Socket.
[    6.763408] systemd[1]: Starting Journal Service...
         Starting Journal Service...
[    6.766727] systemd[1]: Reached target Encrypted Volumes.
[[0;32m  OK  [0m] Reached target Encrypted Volumes.
[    6.769011] systemd[1]: Reached target Slices.
[[0;32m  OK  [0m] Reached target Slices.
[    6.771811] systemd[1]: Starting Create list of required static device nodes for the current kernel...
         Starting Create list of required st... nodes for the current kernel...
[    6.777427] systemd[1]: Starting Uncomplicated firewall...

    6.783044] iscsi: registered transport (tcp)
         Starting Uncomplicated firewall...
[    6.785002] systemd[1]: Listening on /dev/initctl Compatibility Named Pipe.
[[0;32m  OK  [0m] Listening on /dev/initctl Compatibility Named Pipe.
[    6.788595] systemd[1]: Mounting POSIX Message Queue File System...
         Mounting POSIX Message Queue File System...
[    6.791104] systemd[1]: Started Forward Password Requests to Wall Directory Watch.
[[0;32m  OK  [0m] Started Forward Password Requests to Wall Directory Watch.
[    6.794310] systemd[1]: Listening on udev Kernel Socket.
[[0;32m  OK  [0m] Listening on udev Kernel Socket.
[    6.797476] systemd[1]: Starting File System Check on Root Device...
         Starting File System Check on Root Device...
[    6.801078] systemd[1]: Mounting Huge Pages File System...
         Mounting Huge Pages File System...
[    6.804426] systemd[1]: Mounted Huge Pages File System.
[[0;32m  OK  [0m] Mounted Huge Pages File System.
[    6.806780] systemd[1]: Mounted POSIX Message Queue File System.
[[0;32m  OK  [[    6.808534] systemd[1]: Mounted Debug File System.
0m] Mounted POSIX Message Queue File System.
[[0;32m  OK  [0m] Mounted Debug File System.
[    6.811970] systemd[1]: Started Uncomplicated firewall.
[[0;32m  OK  [0m] Started Uncomplicated firewall.
[    6.816393] systemd[1]: Started Create list of required static device nodes for the current kernel.
[[0;32m  OK  [0m] Started Create list of required sta...ce nodes for the current kernel.
[    6.820555] systemd[1]: Started Nameserver information manager.
[[0;32m  OK  [0m] Started Nameserver information manager.
[    6.832606] systemd[1]: Started Journal Service.
[[0;32m  OK  [0m] Started Journal Service.
[[0;32m  OK  [0m] Started File System Check Daemon to report status.
[[0;32m  OK  [0m] Started LVM2 metadata daemon.
         Starting Create Static Device Nodes in /dev...
[[0;32m  OK  [0m] Started File System Check on Root Device.
         Starting Remount Root and Kernel File Systems...
[[0;32m  OK  [0m] Started Create Static Device Nodes in /dev.
         Starting udev Kernel Device Manager...
[[0;32m  OK  [0m] Started Set console keymap.
[    6.880598] EXT4-fs (sda1): re-mounted. Opts: (null)
[[0;32m  OK  [0m] Started Remount Root and Kernel File Systems.
         Starting Load/Save Random Seed...
         Starting Flush Journal to Persistent Storage...
         Starting udev Coldplug all Devices...
[    6.901182] iscsi: registered transport (iser)
[[0;32m  OK  [0m] Started Load Kernel Modules.
         Starting Apply Kernel Variables...
         Mounting FUSE Control File System...
[[0;32m  OK  [0m] Mounted FUSE Control File System.
[[0;32m  OK  [0m] Started Load/Save Random Seed.
[    6.929835] systemd-journald[383]: Received request to flush runtime journal from PID 1
[[0;32m  OK  [0m] Started Flush Journal to Persistent Storage.
[[0;32m  OK  [0m] Started Apply Kernel Variables.
[[0;32m  OK  [0m] Started udev Kernel Device Manager.
[[0;32m  OK  [0m] Started udev Coldplug all Devices.
[[0;32m  OK  [0m] Started Dispatch Password Requests to Console Directory Watch.
[[0;32m  OK  [0m] Found device /dev/ttyS0.
[[0;32m  OK  [0m] Listening on Load/Save RF Kill Switch Status /dev/rfkill Watch.
[[0;32m  OK  [0m] Started Monitoring of LVM2 mirrors,...ng dmeventd or progress polling.
[[0;32m  OK  [0m] Found device 82540EM Gigabit Ethern...r (PRO/1000 MT Desktop Adapter).
[[0;32m  OK  [0m] Reached target Local File Systems (Pre).
[[0;32m  OK  [0m] Reached target Local File Systems.
         Starting LSB: AppArmor initialization...
         Starting Initial cloud-init job (pre-networking)...
         Starting Set console font and keymap...
         Starting Create Volatile Files and Directories...
         Starting Tell Plymouth To Write Out Runtime Data...
[[0;32m  OK  [0m] Started Create Volatile Files and Directories.
         Starting Update UTMP about System Boot/Shutdown...
[[0;32m  OK  [0m] Started Tell Plymouth To Write Out Runtime Data.
[[0;32m  OK  [0m] Started Update UTMP about System Boot/Shutdown.
[[0;32m  OK  [0m] Found device 82540EM Gigabit Ethern...r (PRO/1000 MT Desktop Adapter).
[[0;32m  OK  [0m] Started LSB: AppArmor initialization.
         Starting Load AppArmor profiles managed internally by snapd...
[[0;32m  OK  [0m] Started Load AppArmor profiles managed internally by snapd.
[[0;32m  OK  [0m] Started Set console font and keymap.
[[0;32m  OK  [0m] Created slice system-getty.slice.
[    8.739948] cloud-init[637]: Cloud-init v. 21.1-19-gbad84ad4-0ubuntu1~16.04.2 running 'init-local' at Wed, 19 Oct 2022 11:18:08 +0000. Up 8.43 seconds.
[[0;32m  OK  [0m] Started Initial cloud-init job (pre-networking).
[[0;32m  OK  [0m] Reached target Network (Pre).
[[0;32m  OK  [0m] Started ifup for enp0s8.
[[0;32m  OK  [0m] Started ifup for enp0s3.
         Starting Raise network interfaces...
[[0;32m  OK  [0m] Started Raise network interfaces.
[[0;32m  OK  [0m] Reached target Network.
         Starting Initial cloud-init job (metadata service crawler)...
[    9.699058] cloud-init[1081]: Cloud-init v. 21.1-19-gbad84ad4-0ubuntu1~16.04.2 running 'init' at Wed, 19 Oct 2022 11:18:09 +0000. Up 9.40 seconds.
[    9.700742] cloud-init[1081]: ci-info: ++++++++++++++++++++++++++++++++++++++Net device info+++++++++++++++++++++++++++++++++++++++
[    9.702427] cloud-init[1081]: ci-info: +--------+------+-----------------------------+---------------+--------+-------------------+
[    9.704212] cloud-init[1081]: ci-info: | Device |  Up  |           Address           |      Mask     | Scope  |     Hw-Address    |
[    9.705864] cloud-init[1081]: ci-info: +--------+------+-----------------------------+---------------+--------+-------------------+
[    9.707464] cloud-init[1081]: ci-info: | enp0s3 | True |          10.0.2.15          | 255.255.255.0 | global | 02:be:82:6b:cc:1d |
[    9.709129] cloud-init[1081]: ci-info: | enp0s3 | True |  fe80::be:82ff:fe6b:cc1d/64 |       .       |  link  | 02:be:82:6b:cc:1d |
[    9.710788] cloud-init[1081]: ci-info: | enp0s8 | True |        192.168.10.100       | 255.255.255.0 | global | 08:00:27:9e:c6:b9 |
[    9.712713] cloud-init[1081]: ci-info: | enp0s8 | True | fe80::a00:27ff:fe9e:c6b9/64 |       .       |  link  | 08:00:27:9e:c6:b9 |
[    9.714504] cloud-init[1081]: ci-info: |   lo   | True |          127.0.0.1          |   255.0.0.0   |  host  |         .         |
[    9.716190] cloud-init[1081]: ci-info: |   lo   | True |           ::1/128           |       .       |  host  |         .         |
[    9.718097] cloud-init[1081]: ci-info: +--------+------+-----------------------------+---------------+--------+-------------------+
[    9.719961] cloud-init[1081]: ci-info: ++++++++++++++++++++++++++++Route IPv4 info++++++++++++++++++++++++++++
[    9.721390] cloud-init[1081]: ci-info: +-------+--------------+----------+---------------+-----------+-------+
[    9.722982] cloud-init[1081]: ci-info: | Route | Destination  | Gateway  |    Genmask    | Interface | Flags |
[    9.724935] cloud-init[1081]: ci-info: +-------+--------------+----------+---------------+-----------+-------+
[    9.726420] cloud-init[1081]: ci-info: |   0   |   0.0.0.0    | 10.0.2.2 |    0.0.0.0    |   enp0s3  |   UG  |
[    9.727822] cloud-init[1081]: ci-info: |   1   |   10.0.2.0   | 0.0.0.0  | 255.255.255.0 |   enp0s3  |   U   |
[    9.729545] cloud-init[1081]: ci-info: |   2   | 192.168.10.0 | 0.0.0.0  | 255.255.255.0 |   enp0s8  |   U   |
[    9.731294] cloud-init[1081]: ci-info: +-------+--------------+----------+---------------+-----------+-------+
[    9.732799] cloud-init[1081]: ci-info: +++++++++++++++++++Route IPv6 info+++++++++++++++++++
[    9.733976] cloud-init[1081]: ci-info: +-------+-------------+---------+-----------+-------+
[    9.736115] cloud-init[1081]: ci-info: | Route | Destination | Gateway | Interface | Flags |
[    9.737481] cloud-init[1081]: ci-info: +-------+-------------+---------+-----------+-------+
[    9.738974] cloud-init[1081]: ci-info: |   0   |  fe80::/64  |    ::   |   enp0s8  |   U   |
[    9.740367] cloud-init[1081]: ci-info: |   1   |  fe80::/64  |    ::   |   enp0s3  |   U   |
[    9.741706] cloud-init[1081]: ci-info: |   4   |   ff00::/8  |    ::   |   enp0s8  |   U   |
[    9.743020] cloud-init[1081]: ci-info: |   5   |   ff00::/8  |    ::   |   enp0s3  |   U   |
[    9.744509] cloud-init[1081]: ci-info: +-------+-------------+---------+-----------+-------+
[[0;32m  OK  [0m] Started Initial cloud-init job (metadata service crawler).
[[0;32m  OK  [0m] Reached target System Initialization.
[[0;32m  OK  [0m] Started ACPI Events Check.
[[0;32m  OK  [0m] Reached target Paths.
[[0;32m  OK  [0m] Listening on ACPID Listen Socket.
[[0;32m  OK  [0m] Started Daily apt download activities.
[[0;32m  OK  [0m] Started Daily Cleanup of Temporary Directories.
[[0;32m  OK  [0m] Listening on D-Bus System Message Bus Socket.
[[0;32m  OK  [0m] Started Daily apt upgrade and clean activities.
[[0;32m  OK  [0m] Started Message of the Day.
[[0;32m  OK  [0m] Listening on UUID daemon activation socket.
         Starting Socket activation for snappy daemon.
         Starting LXD - unix socket.
[[0;32m  OK  [0m] Started Ubuntu Advantage Timer for running repeated jobs.
[[0;32m  OK  [0m] Reached target Timers.
[[0;32m  OK  [0m] Reached target Network is Online.
         Starting iSCSI initiator daemon (iscsid)...
[[0;32m  OK  [0m] Reached target Cloud-config availability.
[[0;32m  OK  [0m] Listening on Socket activation for snappy daemon.
[[0;32m  OK  [0m] Listening on LXD - unix socket.
[[0;32m  OK  [0m] Reached target Sockets.
[[0;32m  OK  [0m] Reached target Basic System.
[[0;32m  OK  [0m] Started D-Bus System Message Bus.
         Starting Virtualbox guest utils...
[[0;32m  OK  [0m] Started Regular background program processing daemon.
         Starting /etc/rc.local Compatibility...
[[0;32m  OK  [0m] Started ACPI event daemon.
         Starting Login Service...
[[0;32m  OK  [0m] Started Deferred execution scheduler.
         Starting Accounts Service...
         Starting System Logging Service...
         Starting LXD - container startup/shutdown...
         Starting LSB: Record successful boot for GRUB...
[[0;32m  OK  [0m] Started FUSE filesystem for LXC.
         Starting A high performance web server and a reverse proxy server...
         Starting LSB: MD monitoring daemon...
         Starting OpenBSD Secure Shell server...
         Starting Snap Daemon...
[[0;32m  OK  [0m] Started System Logging Service.
[[0;32m  OK  [0m] Started iSCSI initiator daemon (iscsid).
[[0;32m  OK  [0m] Started /etc/rc.local Compatibility.
[[0;32m  OK  [0m] Started Login Service.
[[0;32m  OK  [0m] Started Unattended Upgrades Shutdown.
         Starting Login to default iSCSI targets...
         Starting Authenticate and Authorize Users to Run Privileged Tasks...
[[0;32m  OK  [0m] Started Login to default iSCSI targets.
[[0;32m  OK  [0m] Reached target Remote File Systems (Pre).
         Mounting /home/vagrant/app...
         Mounting /vagrant...
         Mounting /home/vagrant/environment...
[[0;32m  OK  [0m] Started LSB: Record successful boot for GRUB.
[[0;32m  OK  [0m] Started LSB: MD monitoring daemon.
[[0;1;31mFAILED[0m] Failed to mount /home/vagrant/app.
See 'systemctl status home-vagrant-app.mount' for details.
[[0;1;33mDEPEND[0m] Dependency failed for Remote File Systems.
[[0;1;31mFAILED[0m] Failed to mount /vagrant.
See 'systemctl status vagrant.mount' for details.
[[0;1;31mFAILED[0m] Failed to mount /home/vagrant/environment.
See 'systemctl status home-vagrant-environment.mount' for details.
[[0;32m  OK  [0m] Started OpenBSD Secure Shell server.
[[0;32m  OK  [0m] Started Authenticate and Authorize Users to Run Privileged Tasks.
[[0;32m  OK  [0m] Started LXD - container startup/shutdown.
[[0;32m  OK  [0m] Started Accounts Service.
         Starting LSB: automatic crash report generation...
         Starting LSB: daemon to balance interrupts for SMP systems...
         Starting Permit User Sessions...
         Starting LSB: Set the CPU Frequency Scaling governor to "ondemand"...
[[0;32m  OK  [0m] Started Permit User Sessions.
         Starting Terminate Plymouth Boot Screen...
         Starting Hold until boot process finishes up...
[[0;32m  OK  [0m] Started Hold until boot process finishes up.
[[0;32m  OK  [0m] Started Terminate Plymouth Boot Screen.
[[0;32m  OK  [0m] Started Getty on tty1.
         Starting Set console scheme...
[[0;32m  OK  [0m] Started Serial Getty on ttyS0.
[[0;32m  OK  [0m] Reached target Login Prompts.
[[0;32m  OK  [0m] Started Set console scheme.
[[0;32m  OK  [0m] Started Virtualbox guest utils.
[[0;32m  OK  [0m] Started LSB: daemon to balance interrupts for SMP systems.
[[0;32m  OK  [0m] Started A high performance web server and a reverse proxy server.
[[0;32m  OK  [0m] Started LSB: automatic crash report generation.
[[0;32m  OK  [0m] Started LSB: Set the CPU Frequency Scaling governor to "ondemand".
[[0;32m  OK  [0m] Started Snap Daemon.
         Starting Wait until snapd is fully seeded...
[[0;32m  OK  [0m] Started Wait until snapd is fully seeded.
         Starting Apply the settings specified in cloud-config...
[   10.966342] cloud-init[1361]: Cloud-init v. 21.1-19-gbad84ad4-0ubuntu1~16.04.2 running 'modules:config' at Wed, 19 Oct 2022 11:18:11 +0000. Up 10.85 seconds.
[[0;32m  OK  [0m] Started Apply the settings specified in cloud-config.
         Starting cloud-id shim...
[[0;32m  OK  [0m] Started cloud-id shim.
[[0;32m  OK  [0m] Reached target Multi-User System.
[[0;32m  OK  [0m] Reached target Graphical Interface.
         Starting Update UTMP about System Runlevel Changes...
         Starting Execute cloud user/final scripts...
[[0;32m  OK  [0m] Started Update UTMP about System Runlevel Changes.
[   11.827553] cloud-init[1378]: Cloud-init v. 21.1-19-gbad84ad4-0ubuntu1~16.04.2 running 'modules:final' at Wed, 19 Oct 2022 11:18:12 +0000. Up 11.71 seconds.
[   11.829887] cloud-init[1378]: Cloud-init v. 21.1-19-gbad84ad4-0ubuntu1~16.04.2 finished at Wed, 19 Oct 2022 11:18:12 +0000. Datasource DataSourceNoCloud [seed=/dev/sdb][dsmode=net].  Up 11.82 seconds
[[0;32m  OK  [0m] Started Execute cloud user/final scripts.
[[0;32m  OK  [0m] Reached target Cloud-init target.

Ubuntu 16.04.7 LTS ubuntu-xenial ttyS0

ubuntu-xenial login: 